only testing
Num weight bits = 18
learning rate = 10
initial_t = 1
power_t = 0.5
predictions = 0002c.predict
using no cache
Reading datafile = train-sets/0002.dat
num sources = 1
average    since         example     example  current  current  current
loss       last          counter      weight    label  predict features
0.000467   0.000467            1         1.0   0.5211   0.4995       15
0.002842   0.005217            2         2.0   0.5353   0.4630       15
0.007702   0.012562            4         4.0   0.5854   0.4406       15
0.028785   0.049867            8         8.0   0.5575   0.4416       15
0.032253   0.035720           16        16.0   0.5878   0.4855       15
0.034047   0.035842           32        32.0   0.6038   0.4583       15
0.024334   0.014621           64        64.0   0.5683   0.5708       15
0.023282   0.022231          128       128.0   0.5351   0.5344       15
0.019781   0.016280          256       256.0   0.5385   0.4886       15
0.015457   0.011133          512       512.0   0.5053   0.4525       15
0.014354   0.013251         1024      1024.0   0.5750   0.5073       15
0.012754   0.011154         2048      2048.0   0.5204   0.5022       15
0.010477   0.008200         4096      4096.0   0.5042   0.4602       15
0.009534   0.008590         8192      8192.0   0.4967   0.4661       15
0.008238   0.006943        16384     16384.0   0.5011   0.5376       15
0.009146   0.010054        32768     32768.0   0.3915   0.5790       15
0.011080   0.013014        65536     65536.0   0.5043   0.4497       15

finished run
number of examples per pass = 74746
passes used = 1
weighted example sum = 69521
weighted label sum = 35113.3
average loss = 0.0106127
best constant = 0.505067
best constant's loss = 0.249974
total feature number = 1119986
