final_regressor = models/bs.reg.model
Num weight bits = 18
learning rate = 0.5
initial_t = 0
power_t = 0.5
predictions = bs.reg.predict
using no cache
Reading datafile = train-sets/0002.dat
num sources = 1
average    since         example     example  current  current  current
loss       last          counter      weight    label  predict features
0.271591   0.271591            1         1.0   0.5211   0.0000       15
0.238960   0.206329            2         2.0   0.5353   0.0810       15
0.138265   0.037570            4         4.0   0.5854   0.4889       15
0.103464   0.068664            8         8.0   0.5575   0.3697       15
0.091144   0.078824           16        16.0   0.5878   0.3689       15
0.053196   0.015248           32        32.0   0.6038   0.5986       15
0.040097   0.026997           64        64.0   0.5683   0.4074       15
0.027186   0.014275          128       128.0   0.5351   0.4516       15
0.016207   0.005227          256       256.0   0.5385   0.5569       15
0.009413   0.002618          512       512.0   0.5053   0.5104       15
0.005194   0.000976         1024      1024.0   0.5750   0.5912       15
0.002882   0.000569         2048      2048.0   0.5204   0.4884       15
0.001575   0.000268         4096      4096.0   0.5042   0.4922       15
0.001041   0.000507         8192      8192.0   0.4967   0.5358       15
0.000746   0.000451        16384     16384.0   0.5011   0.5001       15
0.000660   0.000575        32768     32768.0   0.3915   0.4162       15
0.000797   0.000934        65536     65536.0   0.5043   0.4823       15

finished run
number of examples per pass = 74746
passes used = 1
weighted example sum = 69521
weighted label sum = 0
average loss = 0.000808154
best constant = 0
total feature number = 1119986
