Generating 2-grams for all namespaces.
Generating 4-skips for all namespaces.
Num weight bits = 24
learning rate = 0.125
initial_t = 0
power_t = 0.5
using no cache
Reading datafile = train-sets/rcv1_raw_cb_small.vw
num sources = 1
average    since         example     example  current  current  current
loss       last          counter      weight    label  predict features
*estimate* *estimate*                                                avglossreg last pred  last correct
2.000000   2.000000          1      1.0    known        1      280   1.000000   0.000000   1.000000  
1.000000   0.000000          2      2.0    known        2      598   0.500000   0.000000   0.000000  
0.500000   0.000000          4      4.0    known        2      784   0.250000   0.000000   0.000000  
0.250000   0.000000          8      8.0    known        2      850   0.250000   0.000000   0.000000  
0.500000   0.750000         16     16.0    known        2      118   0.500000   0.000000   1.000000  
0.312500   0.125000         32     32.0    known        1      166   0.437500   0.000000   0.000000  
0.343750   0.375000         64     64.0    known        1      340   0.500000   0.000000   1.000000  
0.312500   0.281250        128    128.0    known        1      610   0.445312   0.000000   1.000000  
0.273438   0.234375        256    256.0    known        2      712   0.468750   0.000000   0.000000  
0.222656   0.171875        512    512.0    known        1      424   0.480469   0.000000   1.000000  
0.169922   0.117188       1024   1024.0    known        1      574   0.480469   0.000000   1.000000  
0.138672   0.107422       2048   2048.0    known        2      166   0.491699   0.000000   0.000000  
0.120605   0.102539       4096   4096.0    known        1      664   0.502928   0.000000   0.000000  
0.104736   0.088867       8192   8192.0    known        2      598   0.500000   0.000000   0.000000  

finished run
number of examples per pass = 10000
passes used = 1
weighted example sum = 10000
weighted label sum = 0
average loss = 0.0994
best constant = 0
total feature number = 4476364
